
> ecom-store@0.1.0 build
> next build

Γû▓ Next.js 16.1.7 (Turbopack)
- Environments: .env

  Creating an optimized production build ...
npm : 
At line:1 char:1
+ npm run build > build_output.txt 2>&1
+ ~~~~~~~~~~~~~~~~~~~~~~~~~~~~~~~~~~~~~
    + CategoryInfo          : NotSpecified: (:String) [], R 
   emoteException
    + FullyQualifiedErrorId : NativeCommandError
 
> Build error occurred
Error: Turbopack build failed with 1 errors:
./src/components/navbar/links/Links.jsx:9:1
Module not found: Can't resolve '@/lib/auth'
[0m [90m  7 |[39m [36mimport[39m [33mImage[39m 
[36mfrom[39m [32m'next/image'[39m[33m;[39m
 [90m  8 |[39m [36mimport[39m { handleLogout } 
[36mfrom[39m [32m'@/lib/action'[39m[33m;[39m
[31m[1m>[22m[39m[90m  9 |[39m [36mimport[39m { auth 
} [36mfrom[39m [32m'@/lib/auth'[39m[33m;[39m
 [90m    |[39m [31m[1m^[22m[39m[31m[1m^[22m[39m[3
1m[1m^[22m[39m[31m[1m^[22m[39m[31m[1m^[22m[39m[3
1m[1m^[22m[39m[31m[1m^[22m[39m[31m[1m^[22m[39m[3
1m[1m^[22m[39m[31m[1m^[22m[39m[31m[1m^[22m[39m[3
1m[1m^[22m[39m[31m[1m^[22m[39m[31m[1m^[22m[39m[3
1m[1m^[22m[39m[31m[1m^[22m[39m[31m[1m^[22m[39m[3
1m[1m^[22m[39m[31m[1m^[22m[39m[31m[1m^[22m[39m[3
1m[1m^[22m[39m[31m[1m^[22m[39m[31m[1m^[22m[39m[3
1m[1m^[22m[39m[31m[1m^[22m[39m[31m[1m^[22m[39m[3
1m[1m^[22m[39m[31m[1m^[22m[39m[31m[1m^[22m[39m[3
1m[1m^[22m[39m[31m[1m^[22m[39m[31m[1m^[22m[39m[3
1m[1m^[22m[39m[31m[1m^[22m[39m
 [90m 10 |[39m
 [90m 11 |[39m [36mconst[39m [33mLinks[39m 
[33m=[39m ({session}) [33m=>[39m {
 [90m 12 |[39m[0m

Import map: aliased to relative './src/lib/auth' inside of 
[project]/


Import trace:
  Server Component:
    ./src/components/navbar/links/Links.jsx
    ./src/components/navbar/Navbar.jsx
    ./src/app/layout.js

https://nextjs.org/docs/messages/module-not-found


    at <unknown> 
(./src/components/navbar/links/Links.jsx:9:1)
    at <unknown> 
(https://nextjs.org/docs/messages/module-not-found)
